// Jest Snapshot v1, https://goo.gl/fbAQLP

exports[`SearchForm should match the snapshot 1`] = `
<form>
  <input
    className="search-input"
    name="searchInput"
    onChange={[Function]}
    placeholder="Search for news article here."
    type="text"
    value=""
  />
  <button
    className="search-btn"
    onClick={[Function]}
  >
    Search Now
  </button>
</form>
`;
